// Jest Snapshot v1, https://goo.gl/fbAQLP

exports[`<Crypto /> to match snapshot 1`] = `
"<Crypto>
  <div className=\\"row loading\\" />
</Crypto>"
`;

exports[`<Crypto /> to match snapshot 2`] = `
"<Crypto>
  <div className=\\"row \\">
    <div className=\\"col-lg-3 col-md-6 col-sm-12 mb-4\\">
      <div className=\\"Price card\\" style={{...}}>
        <div className=\\"card-body\\">
          <span>
            <span>
              $
            </span>
            <span>
              16,503
            </span>
            <span>
              .
              51
            </span>
          </span>
          <small>
            BITCOIN
             PRICE
          </small>
        </div>
      </div>
    </div>
    <div className=\\"col-lg-3 col-md-6 col-sm-12 mb-4\\">
      <div className=\\"Price card\\" style={{...}}>
        <div className=\\"card-body\\">
          <span>
            <span>
              $
            </span>
            <span>
              2,609
            </span>
            <span>
              .
              98
            </span>
          </span>
          <small>
            BITCOIN CASH
             PRICE
          </small>
        </div>
      </div>
    </div>
    <div className=\\"col-lg-3 col-md-6 col-sm-12 mb-4\\">
      <div className=\\"Price card\\" style={{...}}>
        <div className=\\"card-body\\">
          <span>
            <span>
              $
            </span>
            <span>
              1,078
            </span>
            <span>
              .
              23
            </span>
          </span>
          <small>
            ETHEREUM
             PRICE
          </small>
        </div>
      </div>
    </div>
    <div className=\\"col-lg-3 col-md-6 col-sm-12 mb-4\\">
      <div className=\\"Price card\\" style={{...}}>
        <div className=\\"card-body\\">
          <span>
            <span>
              $
            </span>
            <span>
              278
            </span>
            <span>
              .
              80
            </span>
          </span>
          <small>
            LITECOIN
             PRICE
          </small>
        </div>
      </div>
    </div>
  </div>
</Crypto>"
`;
